// Jest Snapshot v1, https://goo.gl/fbAQLP

exports[`With Jest snapshot, Button component renders with disable property 1`] = `
<div
  className="root"
>
  <div>
    price range:
  </div>
  <div>
    <span>
      <input
        checked={false}
        onChange={[Function]}
        type="checkbox"
      />
      <span>
        $
      </span>
    </span>
    <span>
      <input
        checked={false}
        onChange={[Function]}
        type="checkbox"
      />
      <span>
        $$
      </span>
    </span>
    <span>
      <input
        checked={true}
        onChange={[Function]}
        type="checkbox"
      />
      <span>
        $$$
      </span>
    </span>
    <span>
      <input
        checked={true}
        onChange={[Function]}
        type="checkbox"
      />
      <span>
        $$$$
      </span>
    </span>
  </div>
</div>
`;
